// Jest Snapshot v1, https://goo.gl/fbAQLP

exports[`<DeleteAlert /> should render <DeleteAlert /> correctly 1`] = `
<WithStyles(ForwardRef(Dialog))
  aria-describedby="alert-dialog-description"
  aria-labelledby="alert-dialog-title"
  id="delete-alert"
  onClose={[Function]}
  open={true}
>
  <WithStyles(ForwardRef(DialogTitle))
    id="alert-dialog-title"
  >
    Delete
    <styled.span
      color={null}
    >
       
    </styled.span>
     
    label?
  </WithStyles(ForwardRef(DialogTitle))>
  <WithStyles(ForwardRef(DialogContent))>
    <WithStyles(ForwardRef(DialogContentText))
      id="alert-dialog-description"
    >
      This action will also delete all the data and statistics related to this label.
    </WithStyles(ForwardRef(DialogContentText))>
  </WithStyles(ForwardRef(DialogContent))>
  <WithStyles(ForwardRef(DialogActions))>
    <WithStyles(ForwardRef(Button))
      onClick={[Function]}
    >
      Cancel
    </WithStyles(ForwardRef(Button))>
    <WithStyles(ForwardRef(Button))
      color="secondary"
      onClick={[Function]}
    >
      Delete
    </WithStyles(ForwardRef(Button))>
  </WithStyles(ForwardRef(DialogActions))>
</WithStyles(ForwardRef(Dialog))>
`;
