// Jest Snapshot v1, https://goo.gl/fbAQLP

exports[`<DesktopDialog /> should render <DesktopDialog /> correctly 1`] = `
<div>
  <WithStyles(ForwardRef(Dialog))
    aria-labelledby="form-dialog-title"
    fullWidth={true}
    maxWidth="xs"
    onClose={[Function]}
    open={true}
  >
    <WithStyles(ForwardRef(DialogTitle))
      id="form-dialog-title"
    >
      Edit Label
    </WithStyles(ForwardRef(DialogTitle))>
    <WithStyles(ForwardRef(DialogContent))>
      <LabelForm />
    </WithStyles(ForwardRef(DialogContent))>
    <WithStyles(ForwardRef(DialogActions))>
      <WithStyles(ForwardRef(Button))
        color="primary"
        onClick={[Function]}
      >
        Cancel
      </WithStyles(ForwardRef(Button))>
      <WithStyles(ForwardRef(Button))
        color="primary"
        disabled={false}
        onClick={[Function]}
      >
        Confirm
      </WithStyles(ForwardRef(Button))>
    </WithStyles(ForwardRef(DialogActions))>
  </WithStyles(ForwardRef(Dialog))>
</div>
`;
