// Jest Snapshot v1, https://goo.gl/fbAQLP

exports[`<Label /> should render <Label /> correctly 1`] = `
<Styled(MuiBox)
  alignItems="center"
  display="flex"
  justifyContent="space-between"
  width="100%"
>
  <Styled(MuiBox)
    alignItems="center"
    display="flex"
  >
    <styled.span
      color="#f44336"
    />
    <span>
      Coding
    </span>
  </Styled(MuiBox)>
  <Styled(MuiBox)
    display="flex"
  >
    <Styled(WithStyles(ForwardRef(IconButton)))
      aria-label="Edit label"
      onClick={[Function]}
      size="small"
    >
      <EditIcon />
    </Styled(WithStyles(ForwardRef(IconButton)))>
    <Styled(WithStyles(ForwardRef(IconButton)))
      aria-label="Delete label"
      hide={1}
      onClick={[Function]}
      size="small"
    >
      <DeleteIcon />
    </Styled(WithStyles(ForwardRef(IconButton)))>
  </Styled(MuiBox)>
</Styled(MuiBox)>
`;
