// Jest Snapshot v1, https://goo.gl/fbAQLP

exports[`<LabelForm /> should render <LabelForm /> correctly 1`] = `
<styled.form
  autoComplete="off"
  color="#7986cb"
  darkMode={0}
  noValidate={true}
>
  <WithStyles(ForwardRef(TextField))
    autoFocus={true}
    error={false}
    fullWidth={true}
    helperText=" "
    id="label-name"
    label="Label name"
    margin="normal"
    name="name"
    onBlur={[Function]}
    onChange={[Function]}
    required={true}
    value=""
    variant="filled"
  />
  <Styled(WithStyles(ForwardRef(TextField)))
    fullWidth={true}
    id="label-color"
    label="Label color"
    margin="normal"
    name="color"
    onChange={[Function]}
    required={true}
    select={true}
    value=""
    variant="filled"
  >
    <WithStyles(ForwardRef(MenuItem))
      key="red"
      value="red"
    >
      <styled.span
        color="#f44336"
      />
      <span>
        Red
      </span>
    </WithStyles(ForwardRef(MenuItem))>
    <WithStyles(ForwardRef(MenuItem))
      key="pink"
      value="pink"
    >
      <styled.span
        color="#e91e63"
      />
      <span>
        Pink
      </span>
    </WithStyles(ForwardRef(MenuItem))>
    <WithStyles(ForwardRef(MenuItem))
      key="purple"
      value="purple"
    >
      <styled.span
        color="#9c27b0"
      />
      <span>
        Purple
      </span>
    </WithStyles(ForwardRef(MenuItem))>
    <WithStyles(ForwardRef(MenuItem))
      key="deepPurple"
      value="deepPurple"
    >
      <styled.span
        color="#673ab7"
      />
      <span>
        Deep Purple
      </span>
    </WithStyles(ForwardRef(MenuItem))>
    <WithStyles(ForwardRef(MenuItem))
      key="indigo"
      value="indigo"
    >
      <styled.span
        color="#3f51b5"
      />
      <span>
        Indigo
      </span>
    </WithStyles(ForwardRef(MenuItem))>
    <WithStyles(ForwardRef(MenuItem))
      key="blue"
      value="blue"
    >
      <styled.span
        color="#2196f3"
      />
      <span>
        Blue
      </span>
    </WithStyles(ForwardRef(MenuItem))>
    <WithStyles(ForwardRef(MenuItem))
      key="lightBlue"
      value="lightBlue"
    >
      <styled.span
        color="#03a9f4"
      />
      <span>
        Light Blue
      </span>
    </WithStyles(ForwardRef(MenuItem))>
    <WithStyles(ForwardRef(MenuItem))
      key="cyan"
      value="cyan"
    >
      <styled.span
        color="#00bcd4"
      />
      <span>
        Cyan
      </span>
    </WithStyles(ForwardRef(MenuItem))>
    <WithStyles(ForwardRef(MenuItem))
      key="teal"
      value="teal"
    >
      <styled.span
        color="#009688"
      />
      <span>
        Teal
      </span>
    </WithStyles(ForwardRef(MenuItem))>
    <WithStyles(ForwardRef(MenuItem))
      key="green"
      value="green"
    >
      <styled.span
        color="#4caf50"
      />
      <span>
        Green
      </span>
    </WithStyles(ForwardRef(MenuItem))>
    <WithStyles(ForwardRef(MenuItem))
      key="lightGreen"
      value="lightGreen"
    >
      <styled.span
        color="#8bc34a"
      />
      <span>
        Light Green
      </span>
    </WithStyles(ForwardRef(MenuItem))>
    <WithStyles(ForwardRef(MenuItem))
      key="lime"
      value="lime"
    >
      <styled.span
        color="#cddc39"
      />
      <span>
        Lime
      </span>
    </WithStyles(ForwardRef(MenuItem))>
    <WithStyles(ForwardRef(MenuItem))
      key="yellow"
      value="yellow"
    >
      <styled.span
        color="#ffeb3b"
      />
      <span>
        Yellow
      </span>
    </WithStyles(ForwardRef(MenuItem))>
    <WithStyles(ForwardRef(MenuItem))
      key="amber"
      value="amber"
    >
      <styled.span
        color="#ffc107"
      />
      <span>
        Amber
      </span>
    </WithStyles(ForwardRef(MenuItem))>
    <WithStyles(ForwardRef(MenuItem))
      key="orange"
      value="orange"
    >
      <styled.span
        color="#ff9800"
      />
      <span>
        Orange
      </span>
    </WithStyles(ForwardRef(MenuItem))>
    <WithStyles(ForwardRef(MenuItem))
      key="deepOrange"
      value="deepOrange"
    >
      <styled.span
        color="#ff5722"
      />
      <span>
        Deep Orange
      </span>
    </WithStyles(ForwardRef(MenuItem))>
    <WithStyles(ForwardRef(MenuItem))
      key="brown"
      value="brown"
    >
      <styled.span
        color="#795548"
      />
      <span>
        Brown
      </span>
    </WithStyles(ForwardRef(MenuItem))>
    <WithStyles(ForwardRef(MenuItem))
      key="grey"
      value="grey"
    >
      <styled.span
        color="#9e9e9e"
      />
      <span>
        Grey
      </span>
    </WithStyles(ForwardRef(MenuItem))>
    <WithStyles(ForwardRef(MenuItem))
      key="blueGrey"
      value="blueGrey"
    >
      <styled.span
        color="#607d8b"
      />
      <span>
        Blue Gray
      </span>
    </WithStyles(ForwardRef(MenuItem))>
  </Styled(WithStyles(ForwardRef(TextField)))>
</styled.form>
`;
