// Jest Snapshot v1, https://goo.gl/fbAQLP

exports[`<LabelButton /> should render <LabelButton /> correctly 1`] = `
<Styled(MuiBox)
  display="flex"
  justifyContent="center"
>
  <Styled(WithStyles(ForwardRef(Button)))
    disabled={false}
    labelcolor="#f50057"
    onClick={[Function]}
    size="small"
    startIcon={<UNDEFINED />}
  >
    Add label
  </Styled(WithStyles(ForwardRef(Button)))>
  <LabelsMenu
    anchor={null}
  />
</Styled(MuiBox)>
`;
