// Jest Snapshot v1, https://goo.gl/fbAQLP

exports[`<SkipButton /> should render <Timer /> correctly 1`] = `
<Styled(MuiBox)
  m="auto"
  width={200}
>
  <LabelButton />
  <CountdownCircle />
  <Styled(MuiBox)
    alignItems="center"
    display="flex"
    justifyContent="center"
    my={3}
  >
    <ResetButton />
    <Styled(MuiBox)
      alignItems="center"
      display="flex"
      flexDirection="column"
      mx={3}
    >
      <ToggleButton />
    </Styled(MuiBox)>
    <SkipButton />
  </Styled(MuiBox)>
  <Styled(MuiBox)
    display="flex"
    justifyContent="center"
  >
    <RoundsCounter />
  </Styled(MuiBox)>
  <FullscreenDialog />
  <DesktopDialog />
</Styled(MuiBox)>
`;
