// Jest Snapshot v1, https://goo.gl/fbAQLP

exports[`<Switches /> should render <Switches /> correctly 1`] = `
<div>
  <Switch
    action={[Function]}
    checked={true}
    name="Timer in title"
  />
  <Switch
    action={[Function]}
    checked={true}
    name="Notifications"
  />
  <Switch
    action={[Function]}
    name="Autostart"
  />
  <Switch
    action={[Function]}
    checked={false}
    name="Dark mode"
  />
</div>
`;
