// Jest Snapshot v1, https://goo.gl/fbAQLP

exports[`<CountdownCircle /> should render <CountdownCircle /> correctly 1`] = `
<styled.div>
  <Styled(WithStyles(ForwardRef(CircularProgress)))
    color="secondary"
    size={200}
    value={100}
    variant="static"
  />
  <Styled(WithStyles(ForwardRef(CircularProgress)))
    color="primary"
    size={200}
    value={100}
    variant="indeterminate"
  />
  <Styled(Styled(MuiBox))>
    <Styled(WithStyles(ForwardRef(Typography)))
      color="textSecondary"
      variant="subtitle2"
    >
      FOCUS
    </Styled(WithStyles(ForwardRef(Typography)))>
  </Styled(Styled(MuiBox))>
</styled.div>
`;
