// Jest Snapshot v1, https://goo.gl/fbAQLP

exports[`<ResetButton /> should render <ResetButton /> correctly 1`] = `
<Fragment>
  <Styled(WithStyles(ForwardRef(IconButton)))
    aria-label="Reset timer"
    disabled={true}
    onClick={[Function]}
    size="small"
  >
    <ReplayIcon />
  </Styled(WithStyles(ForwardRef(IconButton)))>
  <SaveSessionAlert
    time={
      Object {
        "minutes": 0,
        "seconds": 0,
      }
    }
  />
</Fragment>
`;
