// Jest Snapshot v1, https://goo.gl/fbAQLP

exports[`<ToggleButton /> should render <ToggleButton /> correctly 1`] = `
<Styled(MuiBox)
  display="flex"
  justifyContent="center"
  mt={2}
>
  <Styled(WithStyles(ForwardRef(IconButton)))
    aria-label="start timer"
    disabled={false}
    onClick={[Function]}
  >
    <PlayArrowIcon />
  </Styled(WithStyles(ForwardRef(IconButton)))>
</Styled(MuiBox)>
`;
