// Jest Snapshot v1, https://goo.gl/fbAQLP

exports[`<SignIn /> should render <SignIn /> correctly 1`] = `
<Fragment>
  <Styled(WithStyles(ForwardRef(Button)))
    aria-controls="sign-in-menu"
    aria-haspopup="true"
    onClick={[Function]}
    startIcon={<UNDEFINED />}
  >
    Sign In
  </Styled(WithStyles(ForwardRef(Button)))>
  <WithStyles(ForwardRef(Menu))
    anchorEl={null}
    id="sign-in-menu"
    keepMounted={true}
    onClose={[Function]}
    open={false}
  >
    <WithStyles(ForwardRef(MenuItem))
      onClick={[Function]}
    >
      <WithStyles(ForwardRef(ListItemIcon))>
        <WithStyles(ForwardRef(SvgIcon))>
          <GoogleIcon />
        </WithStyles(ForwardRef(SvgIcon))>
      </WithStyles(ForwardRef(ListItemIcon))>
      <WithStyles(ForwardRef(ListItemText))
        primary="Sign in via Google"
      />
    </WithStyles(ForwardRef(MenuItem))>
  </WithStyles(ForwardRef(Menu))>
</Fragment>
`;
